This is pdfTeX, Version 3.14159265-2.6-1.40.20 (TeX Live 2019/Debian) (preloaded format=pdflatex 2024.3.15)  9 APR 2024 20:59
entering extended mode
 restricted \write18 enabled.
 %&-line parsing enabled.
**prace.tex
(./prace.tex
LaTeX2e <2020-02-02> patch level 2
L3 programming layer <2020-02-14>
(/usr/share/texlive/texmf-dist/tex/latex/base/article.cls
Document Class: article 2019/12/20 v1.4l Standard LaTeX document class
(/usr/share/texlive/texmf-dist/tex/latex/base/size12.clo
File: size12.clo 2019/12/20 v1.4l Standard LaTeX file (size option)
)
\c@part=\count167
\c@section=\count168
\c@subsection=\count169
\c@subsubsection=\count170
\c@paragraph=\count171
\c@subparagraph=\count172
\c@figure=\count173
\c@table=\count174
\abovecaptionskip=\skip47
\belowcaptionskip=\skip48
\bibindent=\dimen134
) (./tex/UTB.tex
(/usr/share/texlive/texmf-dist/tex/latex/base/fontenc.sty
Package: fontenc 2020/02/11 v2.0o Standard LaTeX package
)
(/usr/share/texlive/texmf-dist/tex/latex/base/inputenc.sty
Package: inputenc 2018/08/11 v1.3c Input encoding file
\inpenc@prehook=\toks14
\inpenc@posthook=\toks15

(/usr/share/texlive/texmf-dist/tex/latex/ucs/utf8x.def
File: utf8x.def 2004/10/17 UCS: Input encoding UTF-8
))
(/usr/share/texlive/texmf-dist/tex/latex/ucs/ucs.sty
Package: ucs 2013/05/11 v2.2 UCS: Unicode input support

(/usr/share/texlive/texmf-dist/tex/latex/ucs/data/uni-global.def
File: uni-global.def 2013/05/13 UCS: Unicode global data
)
\uc@secondtry=\count175
\uc@combtoks=\toks16
\uc@combtoksb=\toks17
\uc@temptokena=\toks18
)
(/usr/share/texlive/texmf-dist/tex/latex/graphics/color.sty
Package: color 2019/11/23 v1.2a Standard LaTeX Color (DPC)

(/usr/share/texlive/texmf-dist/tex/latex/graphics-cfg/color.cfg
File: color.cfg 2016/01/02 v1.6 sample color configuration
)
Package color Info: Driver file: pdftex.def on input line 147.

(/usr/share/texlive/texmf-dist/tex/latex/graphics-def/pdftex.def
File: pdftex.def 2018/01/08 v1.0l Graphics/color driver for pdftex
))
(/usr/share/texlive/texmf-dist/tex/latex/graphics/graphicx.sty
Package: graphicx 2019/11/30 v1.2a Enhanced LaTeX Graphics (DPC,SPQR)

(/usr/share/texlive/texmf-dist/tex/latex/graphics/keyval.sty
Package: keyval 2014/10/28 v1.15 key=value parser (DPC)
\KV@toks@=\toks19
)
(/usr/share/texlive/texmf-dist/tex/latex/graphics/graphics.sty
Package: graphics 2019/11/30 v1.4a Standard LaTeX Graphics (DPC,SPQR)

(/usr/share/texlive/texmf-dist/tex/latex/graphics/trig.sty
Package: trig 2016/01/03 v1.10 sin cos tan (DPC)
)
(/usr/share/texlive/texmf-dist/tex/latex/graphics-cfg/graphics.cfg
File: graphics.cfg 2016/06/04 v1.11 sample graphics configuration
)
Package graphics Info: Driver file: pdftex.def on input line 105.
)
\Gin@req@height=\dimen135
\Gin@req@width=\dimen136
)
(/usr/share/texlive/texmf-dist/tex/latex/amsmath/amsmath.sty
Package: amsmath 2020/01/20 v2.17e AMS math features
\@mathmargin=\skip49

For additional information on amsmath, use the `?' option.
(/usr/share/texlive/texmf-dist/tex/latex/amsmath/amstext.sty
Package: amstext 2000/06/29 v2.01 AMS text

(/usr/share/texlive/texmf-dist/tex/latex/amsmath/amsgen.sty
File: amsgen.sty 1999/11/30 v2.0 generic functions
\@emptytoks=\toks20
\ex@=\dimen137
))
(/usr/share/texlive/texmf-dist/tex/latex/amsmath/amsbsy.sty
Package: amsbsy 1999/11/29 v1.2d Bold Symbols
\pmbraise@=\dimen138
)
(/usr/share/texlive/texmf-dist/tex/latex/amsmath/amsopn.sty
Package: amsopn 2016/03/08 v2.02 operator names
)
\inf@bad=\count176
LaTeX Info: Redefining \frac on input line 227.
\uproot@=\count177
\leftroot@=\count178
LaTeX Info: Redefining \overline on input line 389.
\classnum@=\count179
\DOTSCASE@=\count180
LaTeX Info: Redefining \ldots on input line 486.
LaTeX Info: Redefining \dots on input line 489.
LaTeX Info: Redefining \cdots on input line 610.
\Mathstrutbox@=\box45
\strutbox@=\box46
\big@size=\dimen139
LaTeX Font Info:    Redeclaring font encoding OML on input line 733.
LaTeX Font Info:    Redeclaring font encoding OMS on input line 734.
\macc@depth=\count181
\c@MaxMatrixCols=\count182
\dotsspace@=\muskip16
\c@parentequation=\count183
\dspbrk@lvl=\count184
\tag@help=\toks21
\row@=\count185
\column@=\count186
\maxfields@=\count187
\andhelp@=\toks22
\eqnshift@=\dimen140
\alignsep@=\dimen141
\tagshift@=\dimen142
\tagwidth@=\dimen143
\totwidth@=\dimen144
\lineht@=\dimen145
\@envbody=\toks23
\multlinegap=\skip50
\multlinetaggap=\skip51
\mathdisplay@stack=\toks24
LaTeX Info: Redefining \[ on input line 2859.
LaTeX Info: Redefining \] on input line 2860.
)
(/usr/share/texlive/texmf-dist/tex/latex/fancyhdr/fancyhdr.sty
Package: fancyhdr 2019/01/31 v3.10 Extensive control of page headers and footer
s
\f@nch@headwidth=\skip52
\f@nch@O@elh=\skip53
\f@nch@O@erh=\skip54
\f@nch@O@olh=\skip55
\f@nch@O@orh=\skip56
\f@nch@O@elf=\skip57
\f@nch@O@erf=\skip58
\f@nch@O@olf=\skip59
\f@nch@O@orf=\skip60
)
(/usr/share/texlive/texmf-dist/tex/latex/tocloft/tocloft.sty
Package: tocloft 2017/08/31 v2.3i parameterised ToC, etc., typesetting
Package tocloft Info: The document has section divisions on input line 51.
\cftparskip=\skip61
\cftbeforetoctitleskip=\skip62
\cftaftertoctitleskip=\skip63
\cftbeforepartskip=\skip64
\cftpartnumwidth=\skip65
\cftpartindent=\skip66
\cftbeforesecskip=\skip67
\cftsecindent=\skip68
\cftsecnumwidth=\skip69
\cftbeforesubsecskip=\skip70
\cftsubsecindent=\skip71
\cftsubsecnumwidth=\skip72
\cftbeforesubsubsecskip=\skip73
\cftsubsubsecindent=\skip74
\cftsubsubsecnumwidth=\skip75
\cftbeforeparaskip=\skip76
\cftparaindent=\skip77
\cftparanumwidth=\skip78
\cftbeforesubparaskip=\skip79
\cftsubparaindent=\skip80
\cftsubparanumwidth=\skip81
\cftbeforeloftitleskip=\skip82
\cftafterloftitleskip=\skip83
\cftbeforefigskip=\skip84
\cftfigindent=\skip85
\cftfignumwidth=\skip86
\c@lofdepth=\count188
\c@lotdepth=\count189
\cftbeforelottitleskip=\skip87
\cftafterlottitleskip=\skip88
\cftbeforetabskip=\skip89
\cfttabindent=\skip90
\cfttabnumwidth=\skip91
)
(/usr/share/texlive/texmf-dist/tex/latex/textcase/textcase.sty
Package: textcase 2019/09/14 v1.00 Text only upper/lower case changing (DPC)
)
(/usr/share/texlive/texmf-dist/tex/latex/base/ifthen.sty
Package: ifthen 2014/09/29 v1.1c Standard LaTeX ifthen package (DPC)
)
(/usr/share/texlive/texmf-dist/tex/latex/setspace/setspace.sty
Package: setspace 2011/12/19 v6.7a set line spacing
)
(/usr/share/texlive/texmf-dist/tex/latex/ccaption/ccaption.sty
Package: ccaption 2011/08/07 v3.2c Extended captioning and new floats
\@contcwidth=\skip92
\@contindw=\skip93
\abovelegendskip=\skip94
\belowlegendskip=\skip95
\c@newflo@tctr=\count190
)
(/usr/share/texlive/texmf-dist/tex/latex/sectsty/sectsty.sty
Package: sectsty 2002/02/25 v2.0.2 Commands to change all sectional heading sty
les


LaTeX Warning: Command \underbar  has changed.
               Check if current package is valid.


LaTeX Warning: Command \underline  has changed.
               Check if current package is valid.

) (/usr/share/texlive/texmf-dist/tex/latex/examplep/examplep.sty
Package: examplep 2010/02/03 v0.04 Verbatim and typeset TeX code

(/usr/share/texlive/texmf-dist/tex/latex/examplep/verbfwr.sty
Package: verbfwr 2003/09/25 v0.02 Verbatim file write
\verbfwr@writefile=\write3
))
(/usr/share/texlive/texmf-dist/tex/latex/url/url.sty
\Urlmuskip=\muskip17
Package: url 2013/09/16  ver 3.4  Verb mode for urls, etc.
)
(/usr/share/texlive/texmf-dist/tex/latex/tools/afterpage.sty
Package: afterpage 2014/10/28 v1.08 After-Page Package (DPC)
\AP@output=\toks25
\AP@partial=\box47
\AP@footins=\box48
)
(/usr/share/texlive/texmf-dist/tex/latex/hyperref/hyperref.sty
Package: hyperref 2020/01/14 v7.00d Hypertext links for LaTeX

(/usr/share/texlive/texmf-dist/tex/generic/ltxcmds/ltxcmds.sty
Package: ltxcmds 2019/12/15 v1.24 LaTeX kernel commands for general use (HO)
)
(/usr/share/texlive/texmf-dist/tex/generic/iftex/iftex.sty
Package: iftex 2019/11/07 v1.0c TeX engine tests
)
(/usr/share/texlive/texmf-dist/tex/latex/pdftexcmds/pdftexcmds.sty
Package: pdftexcmds 2019/11/24 v0.31 Utility functions of pdfTeX for LuaTeX (HO
)

(/usr/share/texlive/texmf-dist/tex/generic/infwarerr/infwarerr.sty
Package: infwarerr 2019/12/03 v1.5 Providing info/warning/error messages (HO)
)
Package pdftexcmds Info: \pdf@primitive is available.
Package pdftexcmds Info: \pdf@ifprimitive is available.
Package pdftexcmds Info: \pdfdraftmode found.
)
(/usr/share/texlive/texmf-dist/tex/generic/kvsetkeys/kvsetkeys.sty
Package: kvsetkeys 2019/12/15 v1.18 Key value parser (HO)
)
(/usr/share/texlive/texmf-dist/tex/generic/kvdefinekeys/kvdefinekeys.sty
Package: kvdefinekeys 2019-12-19 v1.6 Define keys (HO)
)
(/usr/share/texlive/texmf-dist/tex/generic/pdfescape/pdfescape.sty
Package: pdfescape 2019/12/09 v1.15 Implements pdfTeX's escape features (HO)
)
(/usr/share/texlive/texmf-dist/tex/latex/hycolor/hycolor.sty
Package: hycolor 2020-01-27 v1.10 Color options for hyperref/bookmark (HO)
)
(/usr/share/texlive/texmf-dist/tex/latex/letltxmacro/letltxmacro.sty
Package: letltxmacro 2019/12/03 v1.6 Let assignment for LaTeX macros (HO)
)
(/usr/share/texlive/texmf-dist/tex/latex/auxhook/auxhook.sty
Package: auxhook 2019-12-17 v1.6 Hooks for auxiliary files (HO)
)
(/usr/share/texlive/texmf-dist/tex/latex/kvoptions/kvoptions.sty
Package: kvoptions 2019/11/29 v3.13 Key value format for package options (HO)
)
\@linkdim=\dimen146
\Hy@linkcounter=\count191
\Hy@pagecounter=\count192

(/usr/share/texlive/texmf-dist/tex/latex/hyperref/pd1enc.def
File: pd1enc.def 2020/01/14 v7.00d Hyperref: PDFDocEncoding definition (HO)
)
(/usr/share/texlive/texmf-dist/tex/generic/intcalc/intcalc.sty
Package: intcalc 2019/12/15 v1.3 Expandable calculations with integers (HO)
)
(/usr/share/texlive/texmf-dist/tex/generic/etexcmds/etexcmds.sty
Package: etexcmds 2019/12/15 v1.7 Avoid name clashes with e-TeX commands (HO)
)
\Hy@SavedSpaceFactor=\count193
\pdfmajorversion=\count194
Package hyperref Info: Option `pdfa' set `true' on input line 4421.
Package hyperref Info: Option `breaklinks' set `true' on input line 4421.
Package hyperref Info: Hyper figures OFF on input line 4547.
Package hyperref Info: Link nesting OFF on input line 4552.
Package hyperref Info: Hyper index ON on input line 4555.
Package hyperref Info: Plain pages OFF on input line 4562.
Package hyperref Info: Backreferencing OFF on input line 4567.
Package hyperref Info: Implicit mode ON; LaTeX internals redefined.
Package hyperref Info: Bookmarks ON on input line 4800.
\c@Hy@tempcnt=\count195
LaTeX Info: Redefining \url on input line 5159.
\XeTeXLinkMargin=\dimen147

(/usr/share/texlive/texmf-dist/tex/generic/bitset/bitset.sty
Package: bitset 2019/12/09 v1.3 Handle bit-vector datatype (HO)

(/usr/share/texlive/texmf-dist/tex/generic/bigintcalc/bigintcalc.sty
Package: bigintcalc 2019/12/15 v1.5 Expandable calculations on big integers (HO
)
))
\Fld@menulength=\count196
\Field@Width=\dimen148
\Fld@charsize=\dimen149
Package hyperref Info: Hyper figures OFF on input line 6430.
Package hyperref Info: Link nesting OFF on input line 6435.
Package hyperref Info: Hyper index ON on input line 6438.
Package hyperref Info: backreferencing OFF on input line 6445.
Package hyperref Info: Link coloring OFF on input line 6450.
Package hyperref Info: Link coloring with OCG OFF on input line 6455.
Package hyperref Info: PDF/A mode ON on input line 6458.
LaTeX Info: Redefining \ref on input line 6500.
LaTeX Info: Redefining \pageref on input line 6504.

(/usr/share/texlive/texmf-dist/tex/generic/atbegshi/atbegshi.sty
Package: atbegshi 2019/12/05 v1.19 At begin shipout hook (HO)
)
\Hy@abspage=\count197
\c@Item=\count198
\c@Hfootnote=\count199
)
Package hyperref Info: Driver: hpdftex.

(/usr/share/texlive/texmf-dist/tex/latex/hyperref/hpdftex.def
File: hpdftex.def 2020/01/14 v7.00d Hyperref driver for pdfTeX

(/usr/share/texlive/texmf-dist/tex/latex/atveryend/atveryend.sty
Package: atveryend 2019-12-11 v1.11 Hooks at the very end of document (HO)
Package atveryend Info: \AP@enddocument detected (standard20110627).
)
\Fld@listcount=\count266
\c@bookmark@seq@number=\count267

(/usr/share/texlive/texmf-dist/tex/latex/rerunfilecheck/rerunfilecheck.sty
Package: rerunfilecheck 2019/12/05 v1.9 Rerun checks for auxiliary files (HO)

(/usr/share/texlive/texmf-dist/tex/generic/uniquecounter/uniquecounter.sty
Package: uniquecounter 2019/12/15 v1.4 Provide unlimited unique counter (HO)
)
Package uniquecounter Info: New unique counter `rerunfilecheck' on input line 2
86.
)
\Hy@SectionHShift=\skip96
)
(/usr/share/texlive/texmf-dist/tex/latex/chngcntr/chngcntr.sty
Package: chngcntr 2018/04/09 v1.1a change counter resetting
Package chngcntr Info: \counterwithout already defined.
(chngcntr)             Quitting chngcntr on input line 21.
)
(/usr/share/texlive/texmf-dist/tex/latex/etoolbox/etoolbox.sty
Package: etoolbox 2019/09/21 v2.5h e-TeX tools for LaTeX (JAW)
\etb@tempcnta=\count268
)
(/usr/share/texlive/texmf-dist/tex/latex/caption/caption.sty
Package: caption 2020/01/03 v3.4h Customizing captions (AR)

(/usr/share/texlive/texmf-dist/tex/latex/caption/caption3.sty
Package: caption3 2020/01/03 v1.8h caption3 kernel (AR)
Package caption3 Info: TeX engine: e-TeX on input line 61.
\captionmargin=\dimen150
\captionmargin@=\dimen151
\captionwidth=\dimen152
\caption@tempdima=\dimen153
\caption@indent=\dimen154
\caption@parindent=\dimen155
\caption@hangindent=\dimen156
Package caption Info: Unknown document class (or package),
(caption)             standard defaults will be used.
Package caption Info: \@makecaption = \long macro:#1#2->\let \@conttempa \relax
 \ifdim \prevdepth >-99\p@ \vskip \abovecaptionskip \else \def \@conttempa {\vb
ox to\topskip {}}\fi \let \@contfnote \footnote \renewcommand {\footnote }[2][]
{} \let \@contfmark \footnotemark \renewcommand {\footnotemark }[1][]{} \let \@
contlabel \label \renewcommand {\label }[1]{} \sbox \@tempboxa {\@contnfont #1\
@contdelim \@conttfont #2} \let \footnote \@contfnote \let \footnotemark \@cont
fmark \let \label \@contlabel \ifdim \wd \@tempboxa <\linewidth \centering \fi 
\if@contcw \centering \parbox {\@contcwidth }{\fi \if@conthang \sbox \@tempboxa
 {\@contnfont #1\@contdelim } \@contpre {\@contnfont #1\@contdelim }\@conttempa
 {\@contcstyle \hangindent =\wd \@tempboxa \hangafter =\@ne \@conttfont #2\par 
} \else \if@contindent \@contpre {\@contnfont #1\@contdelim }\@conttempa {\@con
tcstyle \hangindent =\@contindw \hangafter =\@ne \@conttfont #2\par } \else \@c
ontpre {\@contnfont #1\@contdelim }\@conttempa {\@contcstyle \@conttfont #2\par
 } \fi \fi \@contpost \if@contcw \par } \fi \vskip \belowcaptionskip  on input 
line 1082.
)

Package caption Warning: Unknown document class (or package),
(caption)                standard defaults will be used.
See the caption package documentation for explanation.

\c@caption@flags=\count269
\c@continuedfloat=\count270
Package caption Info: hyperref package is loaded.
) (/usr/share/texlive/texmf-dist/tex/latex/pdfpages/pdfpages.sty
Package: pdfpages 2020/01/28 v0.5q Insert pages of external PDF documents (AM)

(/usr/share/texlive/texmf-dist/tex/latex/tools/calc.sty
Package: calc 2017/05/25 v4.3 Infix arithmetic (KKT,FJ)
\calc@Acount=\count271
\calc@Bcount=\count272
\calc@Adimen=\dimen157
\calc@Bdimen=\dimen158
\calc@Askip=\skip97
\calc@Bskip=\skip98
LaTeX Info: Redefining \setlength on input line 80.
LaTeX Info: Redefining \addtolength on input line 81.
\calc@Ccount=\count273
\calc@Cskip=\skip99
)
(/usr/share/texlive/texmf-dist/tex/latex/eso-pic/eso-pic.sty
Package: eso-pic 2018/04/12 v2.0h eso-pic (RN)
)
\AM@pagewidth=\dimen159
\AM@pageheight=\dimen160

(/usr/share/texlive/texmf-dist/tex/latex/pdfpages/pppdftex.def
File: pppdftex.def 2020/01/28 v0.5q Pdfpages driver for pdfTeX (AM)
)
\AM@pagebox=\box49
\AM@global@opts=\toks26
\AM@pagecnt=\count274
\AM@toc@title=\toks27
\c@AM@survey=\count275
\AM@templatesizebox=\box50
)
(/usr/share/texlive/texmf-dist/tex/latex/xmpincl/xmpincl.sty
Package: xmpincl 2008/05/10 v2.2 Include XMP data in pdflatex

(/usr/share/texlive/texmf-dist/tex/generic/iftex/ifpdf.sty
Package: ifpdf 2019/10/25 v3.4 ifpdf legacy package. Use iftex instead.
))
(/usr/share/texlive/texmf-dist/tex/latex/hyperxmp/hyperxmp.sty
Package: hyperxmp 2019/04/05 v4.1 Store hyperref metadata in XMP format

(/usr/share/texlive/texmf-dist/tex/generic/stringenc/stringenc.sty
Package: stringenc 2019/11/29 v1.12 Convert strings between diff. encodings (HO
)
)
(/usr/share/texlive/texmf-dist/tex/generic/iftex/ifxetex.sty
Package: ifxetex 2019/10/25 v0.7 ifxetex legacy package. Use iftex instead.
)
(/usr/share/texlive/texmf-dist/tex/latex/ifmtarg/ifmtarg.sty
Package: ifmtarg 2018/04/16 v1.2b check for an empty argument
)
(/usr/share/texlive/texmf-dist/tex/generic/iftex/ifluatex.sty
Package: ifluatex 2019/10/25 v1.5 ifluatex legacy package. Use iftex instead.
))
pdfTeX warning (Object streams): \pdfobjcompresslevel > 0 requires \pdfminorver
sion > 4. Object streams disabled now.
<<graphics/sRGBIEC1966-2.1.icm>>)
(/usr/share/texlive/texmf-dist/tex/generic/babel/babel.sty
Package: babel 2020/02/14 3.40 The Babel package

(/usr/share/texlive/texmf-dist/tex/generic/babel/switch.def
File: switch.def 2020/02/14 3.40 Babel switching mechanism
)
(/usr/share/texlive/texmf-dist/tex/generic/babel-czech/czech.ldf
Language: czech 2008/07/06 v3.1a Czech support from the babel system

(/usr/share/texlive/texmf-dist/tex/generic/babel/babel.def
File: babel.def 2020/02/14 3.40 Babel common definitions
\babel@savecnt=\count276
\U@D=\dimen161

(/usr/share/texlive/texmf-dist/tex/generic/babel/txtbabel.def)
\bbl@readstream=\read2
\bbl@dirlevel=\count277
)
Package babel Info: Making " an active character on input line 172.
\cs@wordlen=\count278
Package babel Info: Making - an active character on input line 226.
))
(/usr/share/texlive/texmf-dist/tex/latex/ucs/data/uni-1.def
File: uni-1.def 2013/05/13 UCS: Unicode data U+0100..U+01FF
)
(/usr/share/texlive/texmf-dist/tex/latex/ucs/data/uni-0.def
File: uni-0.def 2013/05/13 UCS: Unicode data U+0000..U+00FF
)

Package hyperref Warning: Composite letter `\textasciicaron+e'
(hyperref)                not defined in PD1 encoding,
(hyperref)                removing `\textasciicaron' on input line 69.


Package hyperref Warning: Composite letter `\textasciicaron+r'
(hyperref)                not defined in PD1 encoding,
(hyperref)                removing `\textasciicaron' on input line 69.


Package hyperref Warning: Composite letter `\textring+u'
(hyperref)                not defined in PD1 encoding,
(hyperref)                removing `\textring' on input line 69.


Package hyperref Warning: Composite letter `\textasciicaron+r'
(hyperref)                not defined in PD1 encoding,
(hyperref)                removing `\textasciicaron' on input line 69.


Package hyperref Warning: Composite letter `\textasciicaron+e'
(hyperref)                not defined in PD1 encoding,
(hyperref)                removing `\textasciicaron' on input line 69.


Package hyperref Warning: Composite letter `\textasciicaron+e'
(hyperref)                not defined in PD1 encoding,
(hyperref)                removing `\textasciicaron' on input line 69.


Package hyperref Warning: Composite letter `\textasciicaron+r'
(hyperref)                not defined in PD1 encoding,
(hyperref)                removing `\textasciicaron' on input line 69.


Package hyperref Warning: Composite letter `\textring+u'
(hyperref)                not defined in PD1 encoding,
(hyperref)                removing `\textring' on input line 69.


Package hyperref Warning: Composite letter `\textasciicaron+c'
(hyperref)                not defined in PD1 encoding,
(hyperref)                removing `\textasciicaron' on input line 69.


Package hyperref Warning: Composite letter `\textasciicaron+e'
(hyperref)                not defined in PD1 encoding,
(hyperref)                removing `\textasciicaron' on input line 69.


Package hyperref Warning: Composite letter `\textasciicaron+r'
(hyperref)                not defined in PD1 encoding,
(hyperref)                removing `\textasciicaron' on input line 69.


Package hyperref Warning: Composite letter `\textasciicaron+e'
(hyperref)                not defined in PD1 encoding,
(hyperref)                removing `\textasciicaron' on input line 69.


Package hyperref Warning: Composite letter `\textasciicaron+e'
(hyperref)                not defined in PD1 encoding,
(hyperref)                removing `\textasciicaron' on input line 69.


Package hyperref Warning: Composite letter `\textasciicaron+e'
(hyperref)                not defined in PD1 encoding,
(hyperref)                removing `\textasciicaron' on input line 69.


Package hyperref Warning: Composite letter `\textasciicaron+r'
(hyperref)                not defined in PD1 encoding,
(hyperref)                removing `\textasciicaron' on input line 69.


Package hyperref Warning: Composite letter `\textring+u'
(hyperref)                not defined in PD1 encoding,
(hyperref)                removing `\textring' on input line 69.


Package hyperref Warning: Composite letter `\textasciicaron+r'
(hyperref)                not defined in PD1 encoding,
(hyperref)                removing `\textasciicaron' on input line 69.


Package hyperref Warning: Composite letter `\textring+u'
(hyperref)                not defined in PD1 encoding,
(hyperref)                removing `\textring' on input line 69.


Package hyperref Warning: Composite letter `\textasciicaron+c'
(hyperref)                not defined in PD1 encoding,
(hyperref)                removing `\textasciicaron' on input line 69.


Package hyperref Warning: Composite letter `\textasciicaron+r'
(hyperref)                not defined in PD1 encoding,
(hyperref)                removing `\textasciicaron' on input line 69.


Package hyperref Warning: Composite letter `\textasciicaron+e'
(hyperref)                not defined in PD1 encoding,
(hyperref)                removing `\textasciicaron' on input line 69.


Package hyperref Warning: Composite letter `\textasciicaron+c'
(hyperref)                not defined in PD1 encoding,
(hyperref)                removing `\textasciicaron' on input line 69.


Package hyperref Warning: Composite letter `\textasciicaron+r'
(hyperref)                not defined in PD1 encoding,
(hyperref)                removing `\textasciicaron' on input line 69.


Package hyperref Warning: Composite letter `\textasciicaron+r'
(hyperref)                not defined in PD1 encoding,
(hyperref)                removing `\textasciicaron' on input line 69.


Package hyperref Warning: Composite letter `\textasciicaron+c'
(hyperref)                not defined in PD1 encoding,
(hyperref)                removing `\textasciicaron' on input line 69.


Package hyperref Warning: Composite letter `\textasciicaron+e'
(hyperref)                not defined in PD1 encoding,
(hyperref)                removing `\textasciicaron' on input line 69.


Package hyperref Warning: Composite letter `\textasciicaron+c'
(hyperref)                not defined in PD1 encoding,
(hyperref)                removing `\textasciicaron' on input line 69.


Package hyperref Warning: Composite letter `\textasciicaron+r'
(hyperref)                not defined in PD1 encoding,
(hyperref)                removing `\textasciicaron' on input line 69.


Package hyperref Warning: Composite letter `\textasciicaron+e'
(hyperref)                not defined in PD1 encoding,
(hyperref)                removing `\textasciicaron' on input line 69.


Package hyperref Warning: Composite letter `\textasciicaron+r'
(hyperref)                not defined in PD1 encoding,
(hyperref)                removing `\textasciicaron' on input line 69.


Package hyperref Warning: Composite letter `\textring+u'
(hyperref)                not defined in PD1 encoding,
(hyperref)                removing `\textring' on input line 69.

\xmpinclWrite=\write4
\xmpinclRead=\read3
\openout4 = `tex/pdfa-1b.xmpi'.

<<tex/pdfa-1b.xmpi>>
(/usr/share/texlive/texmf-dist/tex/latex/l3backend/l3backend-pdfmode.def
File: l3backend-pdfmode.def 2020-02-03 L3 backend support: PDF mode
\l__kernel_color_stack_int=\count279
\l__pdf_internal_box=\box51
)
(./prace.aux

LaTeX Warning: Label `fig:HashAndBlock' multiply defined.


LaTeX Warning: Label `fig:SymEn' multiply defined.


LaTeX Warning: Label `fig:Entita.UC]' multiply defined.


LaTeX Warning: Label `fig:Entita.UC]' multiply defined.

)
\openout1 = `prace.aux'.

LaTeX Font Info:    Checking defaults for OML/cmm/m/it on input line 73.
LaTeX Font Info:    ... okay on input line 73.
LaTeX Font Info:    Checking defaults for OMS/cmsy/m/n on input line 73.
LaTeX Font Info:    ... okay on input line 73.
LaTeX Font Info:    Checking defaults for OT1/cmr/m/n on input line 73.
LaTeX Font Info:    ... okay on input line 73.
LaTeX Font Info:    Checking defaults for T1/cmr/m/n on input line 73.
LaTeX Font Info:    ... okay on input line 73.
LaTeX Font Info:    Checking defaults for TS1/cmr/m/n on input line 73.
LaTeX Font Info:    ... okay on input line 73.
LaTeX Font Info:    Checking defaults for OMX/cmex/m/n on input line 73.
LaTeX Font Info:    ... okay on input line 73.
LaTeX Font Info:    Checking defaults for U/cmr/m/n on input line 73.
LaTeX Font Info:    ... okay on input line 73.
LaTeX Font Info:    Checking defaults for PD1/pdf/m/n on input line 73.
LaTeX Font Info:    ... okay on input line 73.
 (/usr/share/texlive/texmf-dist/tex/latex/ucs/ucsencs.def
File: ucsencs.def 2011/01/21 Fixes to fontencodings LGR, T3
)
(/usr/share/texlive/texmf-dist/tex/context/base/mkii/supp-pdf.mkii
[Loading MPS to PDF converter (version 2006.09.02).]
\scratchcounter=\count280
\scratchdimen=\dimen162
\scratchbox=\box52
\nofMPsegments=\count281
\nofMParguments=\count282
\everyMPshowfont=\toks28
\MPscratchCnt=\count283
\MPscratchDim=\dimen163
\MPnumerator=\count284
\makeMPintoPDFobject=\count285
\everyMPtoPDFconversion=\toks29
) (/usr/share/texlive/texmf-dist/tex/latex/epstopdf-pkg/epstopdf-base.sty
Package: epstopdf-base 2020-01-24 v2.11 Base part for package epstopdf

(/usr/share/texlive/texmf-dist/tex/latex/grfext/grfext.sty
Package: grfext 2019/12/03 v1.3 Manage graphics extensions (HO)
)
Package epstopdf-base Info: Redefining graphics rule for `.eps' on input line 4
85.
Package grfext Info: Graphics extension search list:
(grfext)             [.pdf,.png,.jpg,.mps,.jpeg,.jbig2,.jb2,.PDF,.PNG,.JPG,.JPE
G,.JBIG2,.JB2,.eps]
(grfext)             \AppendGraphicsExtensions on input line 504.

(/usr/share/texlive/texmf-dist/tex/latex/latexconfig/epstopdf-sys.cfg
File: epstopdf-sys.cfg 2010/07/13 v1.3 Configuration of (r)epstopdf for TeX Liv
e
))
\AtBeginShipoutBox=\box53
Package hyperref Info: Link coloring OFF on input line 73.

(/usr/share/texlive/texmf-dist/tex/latex/hyperref/nameref.sty
Package: nameref 2019/09/16 v2.46 Cross-referencing by name of section

(/usr/share/texlive/texmf-dist/tex/latex/refcount/refcount.sty
Package: refcount 2019/12/15 v3.6 Data extraction from label references (HO)
)
(/usr/share/texlive/texmf-dist/tex/generic/gettitlestring/gettitlestring.sty
Package: gettitlestring 2019/12/15 v1.6 Cleanup title references (HO)
)
\c@section@level=\count286
)
LaTeX Info: Redefining \ref on input line 73.
LaTeX Info: Redefining \pageref on input line 73.
LaTeX Info: Redefining \nameref on input line 73.

(./prace.out) (./prace.out)
\@outlinefile=\write5
\openout5 = `prace.out'.

Package caption Info: Begin \AtBeginDocument code.
Package caption Info: End \AtBeginDocument code.

(/usr/share/texlive/texmf-dist/tex/latex/pdflscape/pdflscape.sty
Package: pdflscape 2019/12/05 v0.12 Display of landscape pages in PDF (HO)

(/usr/share/texlive/texmf-dist/tex/latex/graphics/lscape.sty
Package: lscape 2000/10/22 v3.01 Landscape Pages (DPC)
)
Package pdflscape Info: Auto-detected driver: pdftex on input line 81.
)
(/usr/share/texlive/texmf-dist/tex/generic/stringenc/se-pdfdoc.def
File: se-pdfdoc.def 2019/11/29 v1.12 stringenc: PDFDocEncoding
)
(/usr/share/texlive/texmf-dist/tex/generic/stringenc/se-utf8.def
File: se-utf8.def 2019/11/29 v1.12 stringenc: UTF-8
)
LaTeX Font Info:    Trying to load font information for OT1+phv on input line 7
5.

(/usr/share/texlive/texmf-dist/tex/latex/psnfss/ot1phv.fd
File: ot1phv.fd 2001/06/04 scalable font definitions for OT1/phv.
)
<graphics/logo/fai_logo_cz.png, id=457, 325.68428pt x 76.49358pt>
File: graphics/logo/fai_logo_cz.png Graphic file (type png)
<use graphics/logo/fai_logo_cz.png>
Package pdftex.def Info: graphics/logo/fai_logo_cz.png  used on input line 75.
(pdftex.def)             Requested size: 256.0748pt x 60.14912pt.
 [1

{/var/lib/texmf/fonts/map/pdftex/updmap/pdftex.map} <./graphics/logo/fai_logo_c
z.png>]
<graphics/zadani_A21295_66903.pdf, id=465, 597.432pt x 844.83629pt>
File: graphics/zadani_A21295_66903.pdf Graphic file (type pdf)
<use graphics/zadani_A21295_66903.pdf>
Package pdftex.def Info: graphics/zadani_A21295_66903.pdf  used on input line 7
7.
(pdftex.def)             Requested size: 597.43054pt x 844.83423pt.
File: graphics/zadani_A21295_66903.pdf Graphic file (type pdf)
<use graphics/zadani_A21295_66903.pdf>
Package pdftex.def Info: graphics/zadani_A21295_66903.pdf  used on input line 7
7.
(pdftex.def)             Requested size: 597.43054pt x 844.83423pt.
<graphics/zadani_A21295_66903.pdf, id=468, page=1, 597.432pt x 844.83629pt>
File: graphics/zadani_A21295_66903.pdf Graphic file (type pdf)
<use graphics/zadani_A21295_66903.pdf, page 1>
Package pdftex.def Info: graphics/zadani_A21295_66903.pdf , page1 used on input
 line 77.
(pdftex.def)             Requested size: 597.43054pt x 844.83423pt.
File: graphics/zadani_A21295_66903.pdf Graphic file (type pdf)
<use graphics/zadani_A21295_66903.pdf, page 1>
Package pdftex.def Info: graphics/zadani_A21295_66903.pdf , page1 used on input
 line 77.
(pdftex.def)             Requested size: 597.93192pt x 845.54323pt.
File: graphics/zadani_A21295_66903.pdf Graphic file (type pdf)
<use graphics/zadani_A21295_66903.pdf, page 1>
Package pdftex.def Info: graphics/zadani_A21295_66903.pdf , page1 used on input
 line 77.
(pdftex.def)             Requested size: 597.93192pt x 845.54323pt.
File: graphics/zadani_A21295_66903.pdf Graphic file (type pdf)
<use graphics/zadani_A21295_66903.pdf, page 1>
Package pdftex.def Info: graphics/zadani_A21295_66903.pdf , page1 used on input
 line 77.
(pdftex.def)             Requested size: 597.93192pt x 845.54323pt.
File: graphics/zadani_A21295_66903.pdf Graphic file (type pdf)
<use graphics/zadani_A21295_66903.pdf, page 1>
Package pdftex.def Info: graphics/zadani_A21295_66903.pdf , page1 used on input
 line 77.
(pdftex.def)             Requested size: 597.93192pt x 845.54323pt.
 [2


 <./graphics/zadani_A21295_66903.pdf, page is rotated 270 degrees>]
<graphics/zadani_A21295_66903.pdf, id=475, page=2, 597.432pt x 844.83629pt>
File: graphics/zadani_A21295_66903.pdf Graphic file (type pdf)
<use graphics/zadani_A21295_66903.pdf, page 2>
Package pdftex.def Info: graphics/zadani_A21295_66903.pdf , page2 used on input
 line 77.
(pdftex.def)             Requested size: 597.93192pt x 845.54323pt.
File: graphics/zadani_A21295_66903.pdf Graphic file (type pdf)
<use graphics/zadani_A21295_66903.pdf, page 2>
Package pdftex.def Info: graphics/zadani_A21295_66903.pdf , page2 used on input
 line 77.
(pdftex.def)             Requested size: 597.93192pt x 845.54323pt.
File: graphics/zadani_A21295_66903.pdf Graphic file (type pdf)
<use graphics/zadani_A21295_66903.pdf, page 2>
Package pdftex.def Info: graphics/zadani_A21295_66903.pdf , page2 used on input
 line 77.
(pdftex.def)             Requested size: 597.93192pt x 845.54323pt.
 [3 <./graphics/zadani_A21295_66903.pdf, page is rotated 270 degrees>]
(/usr/share/texlive/texmf-dist/tex/latex/ucs/data/uni-32.def
File: uni-32.def 2013/05/13 UCS: Unicode data U+2000..U+20FF
) [4

] [5] [6


]
[7

] (./prace.toc [8

] [9] [10])
\tf@toc=\write6
\openout6 = `prace.toc'.

 [11] (./tex/text.tex

Package hyperref Warning: Token not allowed in a PDF string (PDFDocEncoding):
(hyperref)                removing `\@ifnextchar' on input line 20.


Package hyperref Warning: Token not allowed in a PDF string (PDFDocEncoding):
(hyperref)                removing `\hfill' on input line 20.


Package hyperref Warning: Composite letter `\textasciicaron+c'
(hyperref)                not defined in PD1 encoding,
(hyperref)                removing `\textasciicaron' on input line 20.

[12


] [13

]
<graphics/What-Is-Blockchain-Infographic.jpg, id=646, 2890.8pt x 1556.81625pt>
File: graphics/What-Is-Blockchain-Infographic.jpg Graphic file (type jpg)
<use graphics/What-Is-Blockchain-Infographic.jpg>
Package pdftex.def Info: graphics/What-Is-Blockchain-Infographic.jpg  used on i
nput line 25.
(pdftex.def)             Requested size: 441.01772pt x 237.50322pt.
 [14

 <./graphics/What-Is-Blockchain-Infographic.jpg>] [15]
<graphics/Structureofblocksinblockchain.png, id=658, 1004.75375pt x 502.87875pt
>
File: graphics/Structureofblocksinblockchain.png Graphic file (type png)
<use graphics/Structureofblocksinblockchain.png>
Package pdftex.def Info: graphics/Structureofblocksinblockchain.png  used on in
put line 61.
(pdftex.def)             Requested size: 441.01772pt x 220.72252pt.
 [16 <./graphics/Structureofblocksinblockchain.png (PNG copy)>] [17]
<graphics/SymmetricEncrypt.jpg, id=671, 502.37688pt x 277.53688pt>
File: graphics/SymmetricEncrypt.jpg Graphic file (type jpg)
<use graphics/SymmetricEncrypt.jpg>
Package pdftex.def Info: graphics/SymmetricEncrypt.jpg  used on input line 106.

(pdftex.def)             Requested size: 441.01772pt x 243.63608pt.
<graphics/AsymmetricEncrypt.jpg, id=673, 489.83pt x 272.01625pt>
File: graphics/AsymmetricEncrypt.jpg Graphic file (type jpg)
<use graphics/AsymmetricEncrypt.jpg>
Package pdftex.def Info: graphics/AsymmetricEncrypt.jpg  used on input line 114
.
(pdftex.def)             Requested size: 441.01772pt x 244.91612pt.


LaTeX Warning: `h' float specifier changed to `ht'.

[18 <./graphics/SymmetricEncrypt.jpg>]

Package hyperref Warning: Composite letter `\textasciicaron+e'
(hyperref)                not defined in PD1 encoding,
(hyperref)                removing `\textasciicaron' on input line 130.

[19 <./graphics/AsymmetricEncrypt.jpg>]
<graphics/blockchain-merkle-tree.png, id=685, 338.76563pt x 232.61906pt>
File: graphics/blockchain-merkle-tree.png Graphic file (type png)
<use graphics/blockchain-merkle-tree.png>
Package pdftex.def Info: graphics/blockchain-merkle-tree.png  used on input lin
e 160.
(pdftex.def)             Requested size: 264.61331pt x 181.70834pt.
 [20 <./graphics/blockchain-merkle-tree.png>]
Overfull \hbox (15.13841pt too wide) in paragraph at lines 185--186
[]\T1/cmr/m/n/12 ’kálovatelnost: Jedna z nej-v¥t-²ích ne-vý-hod tech-no-lo-gie 
mnoha tech-no-lo-gií blockchain
 []

[21] [22] [23]

Package hyperref Warning: Composite letter `\textasciicaron+e'
(hyperref)                not defined in PD1 encoding,
(hyperref)                removing `\textasciicaron' on input line 261.


Package hyperref Warning: Composite letter `\textasciicaron+e'
(hyperref)                not defined in PD1 encoding,
(hyperref)                removing `\textasciicaron' on input line 268.

[24]
File: graphics/logo/fai_logo_cz.png Graphic file (type png)
<use graphics/logo/fai_logo_cz.png>
Package pdftex.def Info: graphics/logo/fai_logo_cz.png  used on input line 311.

(pdftex.def)             Requested size: 220.50885pt x 51.79199pt.


LaTeX Warning: `h' float specifier changed to `ht'.

[25

]

LaTeX Warning: Citation `chmel' on page 26 undefined on input line 326.


Package hyperref Warning: Token not allowed in a PDF string (PDFDocEncoding):
(hyperref)                removing `\@ifnextchar' on input line 340.


Package hyperref Warning: Token not allowed in a PDF string (PDFDocEncoding):
(hyperref)                removing `\hfill' on input line 340.


Package hyperref Warning: Composite letter `\textasciicaron+c'
(hyperref)                not defined in PD1 encoding,
(hyperref)                removing `\textasciicaron' on input line 340.

[26] [27

]

Package hyperref Warning: Composite letter `\textasciicaron+e'
(hyperref)                not defined in PD1 encoding,
(hyperref)                removing `\textasciicaron' on input line 342.


Package hyperref Warning: Composite letter `\textasciicaron+r'
(hyperref)                not defined in PD1 encoding,
(hyperref)                removing `\textasciicaron' on input line 342.


Package hyperref Warning: Composite letter `\textring+u'
(hyperref)                not defined in PD1 encoding,
(hyperref)                removing `\textring' on input line 342.


Package hyperref Warning: Composite letter `\textring+u'
(hyperref)                not defined in PD1 encoding,
(hyperref)                removing `\textring' on input line 342.


Package hyperref Warning: Composite letter `\textasciicaron+R'
(hyperref)                not defined in PD1 encoding,
(hyperref)                removing `\textasciicaron' on input line 351.

[28

]

Package hyperref Warning: Composite letter `\textasciicaron+r'
(hyperref)                not defined in PD1 encoding,
(hyperref)                removing `\textasciicaron' on input line 363.

[29]

Package hyperref Warning: Composite letter `\textasciicaron+r'
(hyperref)                not defined in PD1 encoding,
(hyperref)                removing `\textasciicaron' on input line 398.


Package hyperref Warning: Composite letter `\textasciicaron+e'
(hyperref)                not defined in PD1 encoding,
(hyperref)                removing `\textasciicaron' on input line 405.


Package hyperref Warning: Composite letter `\textasciicaron+r'
(hyperref)                not defined in PD1 encoding,
(hyperref)                removing `\textasciicaron' on input line 405.

[30]

Package hyperref Warning: Composite letter `\textring+u'
(hyperref)                not defined in PD1 encoding,
(hyperref)                removing `\textring' on input line 436.


Package hyperref Warning: Composite letter `\textasciicaron+c'
(hyperref)                not defined in PD1 encoding,
(hyperref)                removing `\textasciicaron' on input line 443.


Package hyperref Warning: Composite letter `\textasciicaron+c'
(hyperref)                not defined in PD1 encoding,
(hyperref)                removing `\textasciicaron' on input line 471.


Package hyperref Warning: Composite letter `\textasciicaron+r'
(hyperref)                not defined in PD1 encoding,
(hyperref)                removing `\textasciicaron' on input line 496.


Package hyperref Warning: Composite letter `\textring+u'
(hyperref)                not defined in PD1 encoding,
(hyperref)                removing `\textring' on input line 496.

<graphics/DiagramPouzitiEntita.png, id=743, 673.51625pt x 382.42876pt>
File: graphics/DiagramPouzitiEntita.png Graphic file (type png)
<use graphics/DiagramPouzitiEntita.png>
Package pdftex.def Info: graphics/DiagramPouzitiEntita.png  used on input line 
500.
(pdftex.def)             Requested size: 396.91324pt x 225.37424pt.
[31]
<graphics/DiagramPouzitiPrijemce.png, id=750, 673.51625pt x 382.42876pt>
File: graphics/DiagramPouzitiPrijemce.png Graphic file (type png)
<use graphics/DiagramPouzitiPrijemce.png>
Package pdftex.def Info: graphics/DiagramPouzitiPrijemce.png  used on input lin
e 503.
(pdftex.def)             Requested size: 396.91324pt x 225.37424pt.
<graphics/DiagramPouzitiOveritel.png, id=751, 673.51625pt x 382.42876pt>
File: graphics/DiagramPouzitiOveritel.png Graphic file (type png)
<use graphics/DiagramPouzitiOveritel.png>
Package pdftex.def Info: graphics/DiagramPouzitiOveritel.png  used on input lin
e 505.
(pdftex.def)             Requested size: 396.91324pt x 225.37424pt.


LaTeX Warning: `h' float specifier changed to `ht'.

[32 <./graphics/DiagramPouzitiEntita.png> <./graphics/DiagramPouzitiPrijemce.pn
g>] [33 <./graphics/DiagramPouzitiOveritel.png>]

Package hyperref Warning: Composite letter `\textasciicaron+r'
(hyperref)                not defined in PD1 encoding,
(hyperref)                removing `\textasciicaron' on input line 511.

[34

]

Package hyperref Warning: Composite letter `\textasciicaron+r'
(hyperref)                not defined in PD1 encoding,
(hyperref)                removing `\textasciicaron' on input line 536.


Overfull \hbox (1.49826pt too wide) in paragraph at lines 552--552
[]\T1/cmr/bx/n/12 Krok| 
 []


Overfull \hbox (1.49826pt too wide) in paragraph at lines 578--578
[]\T1/cmr/bx/n/12 Krok| 
 []


LaTeX Warning: `h' float specifier changed to `ht'.


Overfull \hbox (1.49826pt too wide) in paragraph at lines 613--613
[]\T1/cmr/bx/n/12 Krok| 
 []


LaTeX Warning: `h' float specifier changed to `ht'.


Overfull \hbox (1.49826pt too wide) in paragraph at lines 642--642
[]\T1/cmr/bx/n/12 Krok| 
 []


LaTeX Warning: `h' float specifier changed to `ht'.


Overfull \hbox (1.49826pt too wide) in paragraph at lines 672--672
[]\T1/cmr/bx/n/12 Krok| 
 []


LaTeX Warning: `h' float specifier changed to `ht'.


Overfull \hbox (1.49826pt too wide) in paragraph at lines 702--702
[]\T1/cmr/bx/n/12 Krok| 
 []


LaTeX Warning: `h' float specifier changed to `ht'.


Overfull \hbox (1.49826pt too wide) in paragraph at lines 734--734
[]\T1/cmr/bx/n/12 Krok| 
 []


LaTeX Warning: `h' float specifier changed to `ht'.


Overfull \hbox (1.49826pt too wide) in paragraph at lines 768--768
[]\T1/cmr/bx/n/12 Krok| 
 []


LaTeX Warning: `h' float specifier changed to `ht'.

[35

] [36] [37] [38] [39] [40

]

Package hyperref Warning: Composite letter `\textasciicaron+e'
(hyperref)                not defined in PD1 encoding,
(hyperref)                removing `\textasciicaron' on input line 844.

[41] [42] [43]

Package hyperref Warning: Composite letter `\textasciicaron+r'
(hyperref)                not defined in PD1 encoding,
(hyperref)                removing `\textasciicaron' on input line 892.


Package hyperref Warning: Composite letter `\textasciicaron+r'
(hyperref)                not defined in PD1 encoding,
(hyperref)                removing `\textasciicaron' on input line 898.

[44

]

Package hyperref Warning: Composite letter `\textasciicaron+e'
(hyperref)                not defined in PD1 encoding,
(hyperref)                removing `\textasciicaron' on input line 927.

) [45

]
LaTeX Font Info:    Trying to load font information for T1+cmtt on input line 1
67.
 (/usr/share/texlive/texmf-dist/tex/latex/base/t1cmtt.fd
File: t1cmtt.fd 2019/12/16 v2.5j Standard LaTeX font definitions
)
Underfull \hbox (badness 10000) in paragraph at lines 167--167
[]\T1/cmr/m/it/12 blockchain his-tory \T1/cmr/m/n/12 [on-line]. [cit. 2004-10-1
5]. Do-stupný z WWW:
 []


Underfull \hbox (badness 10000) in paragraph at lines 167--167
[]$\T1/cmtt/m/n/12 https : / / d1wqtxts1xzle7 . cloudfront . net / 60715489 / U
nderstanding _
 []


Underfull \hbox (badness 10000) in paragraph at lines 167--167
\T1/cmtt/m/n/12 Blockchain _ Technology20190926-[]26770-[]147v9qi-[]libre . pdf
 ? 1569545201 =
 []


Underfull \hbox (badness 1953) in paragraph at lines 167--167
[]\T1/cmr/m/it/12 Imutabilita blockchain \T1/cmr/m/n/12 [on-line]. [cit.2024-03
-19]. Do-stupný z WWW:[]$\T1/cmtt/m/n/12 https :
 []


Underfull \hbox (badness 10000) in paragraph at lines 167--167
\T1/cmtt/m/n/12 / / www . researchgate . net / profile / Moritz-[]Boehmecke-[]S
chwafert /
 []


Underfull \hbox (badness 10000) in paragraph at lines 167--167
\T1/cmtt/m/n/12 publication / 322322101 _ The _ immutability _ concept _ of _ b
lockchains _ and _
 []


Underfull \hbox (badness 10000) in paragraph at lines 167--167
\T1/cmtt/m/n/12 benefits _ of _ early _ standardization / links / 6420b404315df
b4cceaee61f /
 []


Overfull \hbox (69.16292pt too wide) in paragraph at lines 167--167
\T1/cmtt/m/n/12 The-[]immutability-[]concept-[]of-[]blockchains-[]and-[]benefit
s-[]of-[]early-[]standardization .
 []


Underfull \hbox (badness 10000) in paragraph at lines 167--167
[]\T1/cmr/m/it/12 Decentralizace blockcha-inu \T1/cmr/m/n/12 [on-line]. [cit.20
24-03-19]. Do-stupný
 []


Underfull \hbox (badness 10000) in paragraph at lines 167--167
\T1/cmr/m/n/12 z WWW:[]$\T1/cmtt/m/n/12 https : / / www . blockchain-[]council 
. org / blockchain /
 []


Underfull \hbox (badness 1769) in paragraph at lines 167--167
[]\T1/cmr/m/it/12 struktura bloku \T1/cmr/m/n/12 [on-line]. [cit.2024-03-19]. D
o-stupný z WWW:[]$\T1/cmtt/m/n/12 https : / / www .
 []


Underfull \hbox (badness 10000) in paragraph at lines 167--167
[]\T1/cmr/m/it/12 Transakce \T1/cmr/m/n/12 [on-line]. [cit.2024-03-19]. Do-stup
ný z WWW:[]$\T1/cmtt/m/n/12 https : / / www .
 []


Underfull \hbox (badness 10000) in paragraph at lines 167--167
[]\T1/cmr/m/it/12 Sifrovani \T1/cmr/m/n/12 [on-line]. [cit.2024-03-19]. Do-stup
ný z WWW:[]$\T1/cmtt/m/n/12 https : / / www .
 []


Overfull \hbox (23.44847pt too wide) in paragraph at lines 167--167
\T1/cmtt/m/n/12 analyticsvidhya . com / blog / 2022 / 09 / concept-[]of-[]crypt
ography-[]in-[]blockchain/$[] 
 []

[46

]
Underfull \hbox (badness 5696) in paragraph at lines 167--167
[]\T1/cmr/m/it/12 Hash funkce \T1/cmr/m/n/12 [on-line]. [cit.2024-03-19]. Do-st
upný z WWW:[]$\T1/cmtt/m/n/12 https : / / www .
 []


Underfull \hbox (badness 6047) in paragraph at lines 167--167
[]\T1/cmr/m/it/12 Merkle Tree \T1/cmr/m/n/12 [on-line]. [cit.2024-03-19]. Do-st
upný z WWW:[]$\T1/cmtt/m/n/12 https : / / www .
 []


Underfull \hbox (badness 2165) in paragraph at lines 167--167
[]\T1/cmr/m/it/12 Konsensus \T1/cmr/m/n/12 [on-line]. [cit.2024-03-19]. Do-stup
ný z WWW:[]$\T1/cmtt/m/n/12 https : / / academy .
 []


Underfull \hbox (badness 3088) in paragraph at lines 167--167
[]\T1/cmr/m/it/12 EAS:Atestace \T1/cmr/m/n/12 [on-line]. [cit.2024-03-19]. Do-s
tupný z WWW:[]$\T1/cmtt/m/n/12 https : / / docs .
 []


Underfull \hbox (badness 4316) in paragraph at lines 167--167
[]\T1/cmr/m/it/12 EAS:Schema \T1/cmr/m/n/12 [on-line]. [cit.2024-03-19]. Do-stu
pný z WWW:[]$\T1/cmtt/m/n/12 https : / / docs .
 []


Overfull \hbox (87.6834pt too wide) in paragraph at lines 167--167
\T1/cmtt/m/n/12 geekculture / web2-[]vs-[]web3-[]understanding-[]the-[]evolutio
n-[]of-[]the-[]internet-[]8162548ec94d$[] 
 []


Underfull \hbox (badness 2865) in paragraph at lines 167--167
[]\T1/cmr/m/it/12 Smart-contract \T1/cmr/m/n/12 [on-line]. [cit.2024-03-19]. Do
-stupný z WWW:[]$\T1/cmtt/m/n/12 https : / / www .
 []

(./tex/zkratky.tex [47]

Package hyperref Warning: Composite letter `\textring+u'
(hyperref)                not defined in PD1 encoding,
(hyperref)                removing `\textring' on input line 5.

) [48

]

Package hyperref Warning: Composite letter `\textring+u'
(hyperref)                not defined in PD1 encoding,
(hyperref)                removing `\textring' on input line 182.

(./prace.lof)
\tf@lof=\write7
\openout7 = `prace.lof'.

 [49

] (./prace.lot)
\tf@lot=\write8
\openout8 = `prace.lot'.

 [50


] (./tex/prilohy.tex

Package hyperref Warning: Composite letter `\textasciicaron+R'
(hyperref)                not defined in PD1 encoding,
(hyperref)                removing `\textasciicaron' on input line 5.

(./prace.loa)
\tf@loa=\write9
\openout9 = `prace.loa'.


Underfull \hbox (badness 10000) in paragraph at lines 1--6

 []

[51

]pdfTeX warning (ext4): destination with the same identifier (name{section.1}) 
has been already used, duplicate ignored
<to be read again> 
                   \relax 
l.7 \priloha{NÃ¡zev pÅ™Ã­lohy}
                              )
Package atveryend Info: Empty hook `BeforeClearDocument' on input line 195.
 [52

]
Package atveryend Info: Empty hook `AfterLastShipout' on input line 195.
 (./prace.aux)
Package atveryend Info: Executing hook `AtVeryEndDocument' on input line 195.
Package atveryend Info: Executing hook `AtEndAfterFileList' on input line 195.
Package rerunfilecheck Info: File `prace.out' has not changed.
(rerunfilecheck)             Checksum: 84406213DFE975D454DF8B6FC7C3DC60;8001.


LaTeX Warning: There were undefined references.


LaTeX Warning: There were multiply-defined labels.

Package atveryend Info: Empty hook `AtVeryVeryEnd' on input line 195.
 ) 
Here is how much of TeX's memory you used:
 12957 strings out of 481239
 194695 string characters out of 5920377
 524284 words of memory out of 5000000
 27709 multiletter control sequences out of 15000+600000
 551985 words of font info for 58 fonts, out of 8000000 for 9000
 1141 hyphenation exceptions out of 8191
 44i,18n,47p,1409b,521s stack positions out of 5000i,500n,10000p,200000b,80000s
{/usr/share/texmf/fonts/enc/dvips/cm-super/cm-super-t1.enc}{/usr/share/texmf/
fonts/enc/dvips/cm-super/cm-super-ts1.enc}{/usr/share/texlive/texmf-dist/fonts/
enc/dvips/base/8r.enc}</usr/share/texlive/texmf-dist/fonts/type1/public/amsfont
s/cm/cmmi12.pfb></usr/share/texmf/fonts/type1/public/cm-super/sfbx1095.pfb></us
r/share/texmf/fonts/type1/public/cm-super/sfbx1200.pfb></usr/share/texmf/fonts/
type1/public/cm-super/sfbx2488.pfb></usr/share/texmf/fonts/type1/public/cm-supe
r/sfcc1200.pfb></usr/share/texmf/fonts/type1/public/cm-super/sfrm0800.pfb></usr
/share/texmf/fonts/type1/public/cm-super/sfrm1200.pfb></usr/share/texmf/fonts/t
ype1/public/cm-super/sfti1200.pfb></usr/share/texmf/fonts/type1/public/cm-super
/sftt1200.pfb></usr/share/texlive/texmf-dist/fonts/type1/urw/helvetic/uhvb8a.pf
b></usr/share/texlive/texmf-dist/fonts/type1/urw/helvetic/uhvr8a.pfb>
Output written on prace.pdf (52 pages, 1540871 bytes).
PDF statistics:
 1037 PDF objects out of 1200 (max. 8388607)
 208 named destinations out of 1000 (max. 500000)
 995 words of extra memory for PDF output out of 10000 (max. 10000000)

